
Map of Debug\nokia5110lcd.sm8 from link file Debug\nokia5110lcd.lkf - Sun Aug 30 12:43:59 2020


                               --------
                               Segments
                               --------

start 00008080 end 00008383 length   771 segment .const
start 00008585 end 00009838 length  4787 segment .text
start 00004000 end 00004000 length     0 segment .eeprom
start 00000000 end 00000000 length     0 segment .bsct
start 00000000 end 0000000a length    10 segment .ubsct
start 0000000a end 0000000a length     0 segment .bit
start 0000000a end 0000000a length     0 segment .share
start 00000100 end 000002fa length   506 segment .data, initialized
start 0000838b end 00008585 length   506 segment .data, from
start 000002fa end 000002fa length     0 segment .bss
start 00000000 end 00000e83 length  3715 segment .info.
start 00000000 end 00012013 length 73747 segment .debug
start 00008000 end 00008080 length   128 segment .const
start 00008383 end 0000838b length     8 segment .init


                               -------
                               Modules
                               -------

C:\Program Files (x86)\COSMIC\FSE_Compilers\CXSTM8\Lib\crtsi0.sm8:
start 00008585 end 000085d5 length    80 section .text
start 000002fa end 000002fa length     0 section .bss
start 00000000 end 00000000 length     0 section .ubsct
start 00000000 end 00000034 length    52 section .info.

Debug\lcd_draw.o:
start 000085d5 end 00009347 length  3442 section .text
start 00000100 end 000002fa length   506 section .data
start 00000000 end 0000152e length  5422 section .debug
start 00000034 end 000000a1 length   109 section .info.
start 00008080 end 000082b7 length   567 section .const

Debug\stm8s_adc1.o:
start ******** end ******** length     0 section .text *** removed ***
start 0000152e end 00002aeb length  5565 section .debug
start 000000a1 end 00000110 length   111 section .info.

Debug\stm8s_awu.o:
start ******** end ******** length     0 section .text *** removed ***
start 00002aeb end 0000309e length  1459 section .debug
start 00000110 end 0000017e length   110 section .info.
start ******** end ******** length     0 section .const *** removed ***

Debug\stm8s_beep.o:
start ******** end ******** length     0 section .text *** removed ***
start 0000309e end 0000336d length   719 section .debug
start 0000017e end 000001ed length   111 section .info.
start ******** end ******** length     0 section .const *** removed ***

Debug\stm8s_clk.o:
start ******** end ******** length     0 section .text *** removed ***
start 0000336d end 000049c4 length  5719 section .debug
start 000001ed end 0000025b length   110 section .info.
start ******** end ******** length     0 section .const *** removed ***

Debug\stm8s_exti.o:
start ******** end ******** length     0 section .text *** removed ***
start 000049c4 end 00004e4b length  1159 section .debug
start 0000025b end 000002ca length   111 section .info.

Debug\stm8s_flash.o:
start ******** end ******** length     0 section .text *** removed ***
start 00004e4b end 00005bd6 length  3467 section .debug
start 000002ca end 0000033a length   112 section .info.

Debug\stm8s_gpio.o:
start 00009347 end 000093f9 length   178 section .text
start 00005bd6 end 000065dc length  2566 section .debug
start 0000033a end 000003a9 length   111 section .info.

Debug\stm8s_i2c.o:
start ******** end ******** length     0 section .text *** removed ***
start 000065dc end 00007b39 length  5469 section .debug
start 000003a9 end 00000417 length   110 section .info.
start ******** end ******** length     0 section .const *** removed ***

Debug\stm8s_itc.o:
start ******** end ******** length     0 section .text *** removed ***
start 00007b39 end 0000812c length  1523 section .debug
start 00000417 end 00000485 length   110 section .info.
start ******** end ******** length     0 section .const *** removed ***

Debug\stm8s_iwdg.o:
start ******** end ******** length     0 section .text *** removed ***
start 0000812c end 000084ca length   926 section .debug
start 00000485 end 000004f4 length   111 section .info.

Debug\stm8s_rst.o:
start ******** end ******** length     0 section .text *** removed ***
start 000084ca end 000086f9 length   559 section .debug
start 000004f4 end 00000562 length   110 section .info.

Debug\stm8s_spi.o:
start ******** end ******** length     0 section .text *** removed ***
start 000086f9 end 00009611 length  3864 section .debug
start 00000562 end 000005d0 length   110 section .info.

Debug\stm8s_tim1.o:
start ******** end ******** length     0 section .text *** removed ***
start 00009611 end 0000d4c7 length 16054 section .debug
start 000005d0 end 0000063f length   111 section .info.

Debug\stm8s_tim2.o:
start ******** end ******** length     0 section .text *** removed ***
start 0000d4c7 end 0000f74b length  8836 section .debug
start 0000063f end 000006ae length   111 section .info.

Debug\stm8s_tim4.o:
start ******** end ******** length     0 section .text *** removed ***
start 0000f74b end 000102ee length  2979 section .debug
start 000006ae end 0000071d length   111 section .info.

Debug\stm8s_uart1.o:
start ******** end ******** length     0 section .text *** removed ***
start 000102ee end 0001169e length  5040 section .debug
start 0000071d end 0000078d length   112 section .info.
start ******** end ******** length     0 section .const *** removed ***

Debug\stm8s_wwdg.o:
start ******** end ******** length     0 section .text *** removed ***
start 0001169e end 000118d4 length   566 section .debug
start 0000078d end 000007fc length   111 section .info.

Debug\lcd5110.o:
start 000093f9 end 0000955f length   358 section .text
start 000118d4 end 00011d93 length  1215 section .debug
start 000007fc end 00000868 length   108 section .info.

Debug\main.o:
start 0000955f end 000095d5 length   118 section .text
start 00011d93 end 00011ea8 length   277 section .debug
start 00000868 end 000008d1 length   105 section .info.
start 000082b7 end 00008383 length   204 section .const

(C:\Program Files (x86)\COSMIC\FSE_Compilers\CXSTM8\Lib\libm0.sm8)bmulx.o:
start 000095d5 end 000095e3 length    14 section .text
start 000008d1 end 00000901 length    48 section .info.

(C:\Program Files (x86)\COSMIC\FSE_Compilers\CXSTM8\Lib\libm0.sm8)cmulx.o:
start ******** end ******** length     0 section .text *** removed ***
start 00000901 end 00000931 length    48 section .info.

(C:\Program Files (x86)\COSMIC\FSE_Compilers\CXSTM8\Lib\libm0.sm8)imul.o:
start 000095e3 end 00009604 length    33 section .text
start 00000931 end 00000960 length    47 section .info.

(C:\Program Files (x86)\COSMIC\FSE_Compilers\CXSTM8\Lib\libm0.sm8)ladc.o:
start 00009604 end 00009615 length    17 section .text
start 00000960 end 0000098f length    47 section .info.

(C:\Program Files (x86)\COSMIC\FSE_Compilers\CXSTM8\Lib\libm0.sm8)ladd.o:
start ******** end ******** length     0 section .text *** removed ***
start 0000098f end 000009be length    47 section .info.

(C:\Program Files (x86)\COSMIC\FSE_Compilers\CXSTM8\Lib\libm0.sm8)lcmp.o:
start ******** end ******** length     0 section .text *** removed ***
start 000009be end 000009ed length    47 section .info.

(C:\Program Files (x86)\COSMIC\FSE_Compilers\CXSTM8\Lib\libm0.sm8)lsdiv.o:
start 00009615 end 00009634 length    31 section .text
start 000009ed end 00000a1d length    48 section .info.

(C:\Program Files (x86)\COSMIC\FSE_Compilers\CXSTM8\Lib\libm0.sm8)ldiv.o:
start 00009634 end 0000971f length   235 section .text
start 00000a1d end 00000a4c length    47 section .info.

(C:\Program Files (x86)\COSMIC\FSE_Compilers\CXSTM8\Lib\libm0.sm8)lgadd.o:
start 0000971f end 00009736 length    23 section .text
start 00000a4c end 00000a7c length    48 section .info.

(C:\Program Files (x86)\COSMIC\FSE_Compilers\CXSTM8\Lib\libm0.sm8)lgneg.o:
start 00009736 end 00009749 length    19 section .text
start 00000a7c end 00000aac length    48 section .info.

(C:\Program Files (x86)\COSMIC\FSE_Compilers\CXSTM8\Lib\libm0.sm8)llsh.o:
start ******** end ******** length     0 section .text *** removed ***
start 00000aac end 00000adb length    47 section .info.

(C:\Program Files (x86)\COSMIC\FSE_Compilers\CXSTM8\Lib\libm0.sm8)lmul.o:
start ******** end ******** length     0 section .text *** removed ***
start 00000adb end 00000b0a length    47 section .info.

(C:\Program Files (x86)\COSMIC\FSE_Compilers\CXSTM8\Lib\libm0.sm8)lneg.o:
start 00009749 end 0000975e length    21 section .text
start 00000b0a end 00000b39 length    47 section .info.

(C:\Program Files (x86)\COSMIC\FSE_Compilers\CXSTM8\Lib\libm0.sm8)lreg.o:
start 00000000 end 00000004 length     4 section .ubsct
start 00000b39 end 00000b68 length    47 section .info.

(C:\Program Files (x86)\COSMIC\FSE_Compilers\CXSTM8\Lib\libm0.sm8)lsub.o:
start ******** end ******** length     0 section .text *** removed ***
start 00000b68 end 00000b97 length    47 section .info.

(C:\Program Files (x86)\COSMIC\FSE_Compilers\CXSTM8\Lib\libm0.sm8)ltor.o:
start 0000975e end 00009770 length    18 section .text
start 00000b97 end 00000bc6 length    47 section .info.

(C:\Program Files (x86)\COSMIC\FSE_Compilers\CXSTM8\Lib\libm0.sm8)ludiv.o:
start 00009770 end 00009784 length    20 section .text
start 00000bc6 end 00000bf6 length    48 section .info.

(C:\Program Files (x86)\COSMIC\FSE_Compilers\CXSTM8\Lib\libm0.sm8)lursh.o:
start ******** end ******** length     0 section .text *** removed ***
start 00000bf6 end 00000c26 length    48 section .info.

(C:\Program Files (x86)\COSMIC\FSE_Compilers\CXSTM8\Lib\libm0.sm8)lzmp.o:
start 00009784 end 00009797 length    19 section .text
start 00000c26 end 00000c55 length    47 section .info.

(C:\Program Files (x86)\COSMIC\FSE_Compilers\CXSTM8\Lib\libm0.sm8)rtol.o:
start 00009797 end 000097a9 length    18 section .text
start 00000c55 end 00000c84 length    47 section .info.

(C:\Program Files (x86)\COSMIC\FSE_Compilers\CXSTM8\Lib\libm0.sm8)sdivx.o:
start 000097a9 end 000097d4 length    43 section .text
start 00000c84 end 00000cb4 length    48 section .info.

(C:\Program Files (x86)\COSMIC\FSE_Compilers\CXSTM8\Lib\libm0.sm8)smul.o:
start ******** end ******** length     0 section .text *** removed ***
start 00000cb4 end 00000ce3 length    47 section .info.

(C:\Program Files (x86)\COSMIC\FSE_Compilers\CXSTM8\Lib\libm0.sm8)umul.o:
start 000097d4 end 00009810 length    60 section .text
start 00000ce3 end 00000d12 length    47 section .info.

(C:\Program Files (x86)\COSMIC\FSE_Compilers\CXSTM8\Lib\libm0.sm8)vmul.o:
start 00009810 end 00009828 length    24 section .text
start 00000d12 end 00000d41 length    47 section .info.

(C:\Program Files (x86)\COSMIC\FSE_Compilers\CXSTM8\Lib\libm0.sm8)xreg.o:
start 00000004 end 00000007 length     3 section .ubsct
start 00000d41 end 00000d70 length    47 section .info.

(C:\Program Files (x86)\COSMIC\FSE_Compilers\CXSTM8\Lib\libm0.sm8)xymvx.o:
start 00009828 end 00009837 length    15 section .text
start 00000d70 end 00000da0 length    48 section .info.

(C:\Program Files (x86)\COSMIC\FSE_Compilers\CXSTM8\Lib\libm0.sm8)yreg.o:
start 00000007 end 0000000a length     3 section .ubsct
start 00000da0 end 00000dcf length    47 section .info.

Debug\stm8_interrupt_vector.o:
start 00009837 end 00009838 length     1 section .text
start 00011ea8 end 00012013 length   363 section .debug
start 00000dcf end 00000e49 length   122 section .info.
start 00008000 end 00008080 length   128 section .const


                             -----------
                             Stack usage
                             -----------

Debug\lcd5110.o:
_backled0                   >    7   (2)
_backled1                        7   (2)
_dc0                             7   (2)
_dc1                             7   (2)
_lcd5110Init                    14   (2)
_lcd5110SetXy                   16   (4)
_lcd5110Update                  22   (6)
_lcd5110WriteByte               12   (5)
_res0                            7   (2)
_res1                            7   (2)
_sce0                            7   (2)
_sce1                            7   (2)
_sclk0                           7   (2)
_sclk1                           7   (2)
_sdin0                           7   (2)
_sdin1                           7   (2)

Debug\lcd_draw.o:
L11__LcdSwapUInt8                7   (7)
L7_LcdGetNumbers2Wr             32   (18)
_LcdClear                       28   (4)
_LcdDrawBitmap                  23   (15)
_LcdDrawCircle              >   24   (16)
_LcdDrawCircleHelper            20   (12)
_LcdDrawHLine                   13   (9)
_LcdDrawLine                    27   (19)
_LcdDrawPixel                    8   (8)
_LcdDrawRect                >   22   (7)
_LcdDrawRoundRect           >   31   (11)
_LcdDrawTriangle            >   36   (9)
_LcdDrawVLine                   15   (7)
_LcdFillCircle              >   36   (6)
_LcdFillCircleHelper            30   (15)
_LcdFillRect                    21   (8)
_LcdFillRoundRect               40   (10)
_LcdFillTriangle            >   45   (31)
_LcdPutChar                     29   (6)
_LcdPutInteger              >   62   (30)
_LcdPutOneNumber                29   (6)
_LcdPutString                   36   (7)
_LcdUpdate                      24   (2)

Debug\main.o:
_clkInit                         2   (2)
_main                       >   42   (2)

Debug\stm8_interrupt_vector.o:
f_NonHandledInterrupt       >    6   (6)

Debug\stm8s_gpio.o:
_GPIO_DeInit                >    2   (2)
_GPIO_ExternalPullUpConfig  >    6   (6)
_GPIO_Init                       6   (6)
_GPIO_ReadInputData         >    2   (2)
_GPIO_ReadInputPin          >    5   (5)
_GPIO_ReadOutputData        >    2   (2)
_GPIO_Write                 >    5   (5)
_GPIO_WriteHigh                  5   (5)
_GPIO_WriteLow                   5   (5)
_GPIO_WriteReverse          >    5   (5)

Stack size: 68


                              ---------
                              Call tree
                              ---------
   1 > _GPIO_DeInit: (2)

   2 > _GPIO_ExternalPullUpConfig: (6)

   3 > _GPIO_ReadInputData: (2)

   4 > _GPIO_ReadInputPin: (5)

   5 > _GPIO_ReadOutputData: (2)

   6 > _GPIO_Write: (5)

   7 > _GPIO_WriteReverse: (5)

   8 > _LcdDrawCircle: (16)
   9      + _LcdDrawPixel: (8)
       
  10 > _LcdDrawRect: (7)
  11      + L11__LcdSwapUInt8: (7)
  12      + _LcdDrawHLine: (9)
  13      + _LcdDrawVLine: (7)
  14      |    + _LcdDrawPixel --> 9
          | 
       
  15 > _LcdDrawRoundRect: (11)
  16      + L11__LcdSwapUInt8 --> 11
  17      + _LcdDrawCircleHelper: (12)
  18      |    + _LcdDrawPixel --> 9
          | 
  19      + _LcdDrawHLine --> 12
  20      + _LcdDrawVLine --> 13
       
  21 > _LcdDrawTriangle: (9)
  22      + _LcdDrawLine: (19)
  23      |    + _LcdDrawPixel --> 9
          | 
       
  24 > _LcdFillCircle: (6)
  25      + _LcdDrawVLine --> 13
  26      + _LcdFillCircleHelper: (15)
  27      |    + _LcdDrawVLine --> 13
          | 
       
  28 > _LcdFillTriangle: (31)
  29      + L11__LcdSwapUInt8 --> 11
  30      + _LcdDrawHLine --> 12
       
  31 > _LcdPutInteger: (30)
  32      + L7_LcdGetNumbers2Wr: (18)
  33      + _LcdPutOneNumber: (6)
  34      |    + _LcdDrawBitmap: (15)
  35      |    |    + _LcdDrawPixel --> 9
          |    | 
          | 
       
  36 > __stext: (0)

  37 > _backled0: (2)
  38      + _GPIO_WriteLow: (5)
       
  39 > _main: (2)
  40      + _LcdClear: (4)
  41      |    + _LcdUpdate: (2)
  42      |    |    + _lcd5110Update: (6)
  43      |    |    |    + _lcd5110SetXy: (4)
  44      |    |    |    |    + _lcd5110WriteByte: (5)
  45      |    |    |    |    |    + _dc0: (2)
  46      |    |    |    |    |    |    + _GPIO_WriteLow --> 38
          |    |    |    |    |    | 
  47      |    |    |    |    |    + _dc1: (2)
  48      |    |    |    |    |    |    + _GPIO_WriteHigh: (5)
          |    |    |    |    |    | 
  49      |    |    |    |    |    + _sce0: (2)
  50      |    |    |    |    |    |    + _GPIO_WriteLow --> 38
          |    |    |    |    |    | 
  51      |    |    |    |    |    + _sce1: (2)
  52      |    |    |    |    |    |    + _GPIO_WriteHigh --> 48
          |    |    |    |    |    | 
  53      |    |    |    |    |    + _sclk0: (2)
  54      |    |    |    |    |    |    + _GPIO_WriteLow --> 38
          |    |    |    |    |    | 
  55      |    |    |    |    |    + _sclk1: (2)
  56      |    |    |    |    |    |    + _GPIO_WriteHigh --> 48
          |    |    |    |    |    | 
  57      |    |    |    |    |    + _sdin0: (2)
  58      |    |    |    |    |    |    + _GPIO_WriteLow --> 38
          |    |    |    |    |    | 
  59      |    |    |    |    |    + _sdin1: (2)
  60      |    |    |    |    |    |    + _GPIO_WriteHigh --> 48
          |    |    |    |    |    | 
          |    |    |    |    | 
          |    |    |    | 
  61      |    |    |    + _lcd5110WriteByte --> 44
          |    |    | 
          |    | 
          | 
  62      + _LcdDrawBitmap --> 34
  63      + _LcdFillRoundRect: (10)
  64      |    + L11__LcdSwapUInt8 --> 11
  65      |    + _LcdFillCircleHelper --> 26
  66      |    + _LcdFillRect: (8)
  67      |    |    + L11__LcdSwapUInt8 --> 11
  68      |    |    + _LcdDrawHLine --> 12
          |    | 
          | 
  69      + _LcdPutString: (7)
  70      |    + _LcdPutChar: (6)
  71      |    |    + _LcdDrawBitmap --> 34
          |    | 
          | 
  72      + _LcdUpdate --> 41
  73      + _clkInit: (2)
  74      + _lcd5110Init: (2)
  75      |    + _GPIO_Init: (6)
  76      |    + _backled1: (2)
  77      |    |    + _GPIO_WriteHigh --> 48
          |    | 
  78      |    + _lcd5110WriteByte --> 44
  79      |    + _res0: (2)
  80      |    |    + _GPIO_WriteLow --> 38
          |    | 
  81      |    + _res1: (2)
  82      |    |    + _GPIO_WriteHigh --> 48
          |    | 
  83      |    + _sce1 --> 51
          | 
       
  84 > f_NonHandledInterrupt: (6)

  85   L11__LcdSwapUInt8 --> 11

  86   L7_LcdGetNumbers2Wr --> 32

  87   _GPIO_Init --> 75

  88   _GPIO_WriteHigh --> 48

  89   _GPIO_WriteLow --> 38

  90   _LcdClear --> 40

  91   _LcdDrawBitmap --> 34

  92   _LcdDrawCircleHelper --> 17

  93   _LcdDrawHLine --> 12

  94   _LcdDrawLine --> 22

  95   _LcdDrawPixel --> 9

  96   _LcdDrawVLine --> 13

  97   _LcdFillCircleHelper --> 26

  98   _LcdFillRect --> 66

  99   _LcdFillRoundRect --> 63

 100   _LcdPutChar --> 70

 101   _LcdPutOneNumber --> 33

 102   _LcdPutString --> 69

 103   _LcdUpdate --> 41

 104   _backled1 --> 76

 105   _clkInit --> 73

 106   _dc0 --> 45

 107   _dc1 --> 47

 108   _lcd5110Init --> 74

 109   _lcd5110SetXy --> 43

 110   _lcd5110Update --> 42

 111   _lcd5110WriteByte --> 44

 112   _res0 --> 79

 113   _res1 --> 81

 114   _sce0 --> 49

 115   _sce1 --> 51

 116   _sclk0 --> 53

 117   _sclk1 --> 55

 118   _sdin0 --> 57

 119   _sdin1 --> 59



                               -------
                               Symbols
                               -------

_ADC1_AWDChannelConfig           ********   *** removed from Debug\stm8s_adc1.o ***
_ADC1_ClearFlag                  ********   *** removed from Debug\stm8s_adc1.o ***
_ADC1_ClearITPendingBit          ********   *** removed from Debug\stm8s_adc1.o ***
_ADC1_Cmd                        ********   *** removed from Debug\stm8s_adc1.o ***
_ADC1_ConversionConfig           ********   *** removed from Debug\stm8s_adc1.o ***
_ADC1_DataBufferCmd              ********   *** removed from Debug\stm8s_adc1.o ***
_ADC1_DeInit                     ********   *** removed from Debug\stm8s_adc1.o ***
_ADC1_ExternalTriggerConfig      ********   *** removed from Debug\stm8s_adc1.o ***
_ADC1_GetAWDChannelStatus        ********   *** removed from Debug\stm8s_adc1.o ***
_ADC1_GetBufferValue             ********   *** removed from Debug\stm8s_adc1.o ***
_ADC1_GetConversionValue         ********   *** removed from Debug\stm8s_adc1.o ***
_ADC1_GetFlagStatus              ********   *** removed from Debug\stm8s_adc1.o ***
_ADC1_GetITStatus                ********   *** removed from Debug\stm8s_adc1.o ***
_ADC1_ITConfig                   ********   *** removed from Debug\stm8s_adc1.o ***
_ADC1_Init                       ********   *** removed from Debug\stm8s_adc1.o ***
_ADC1_PrescalerConfig            ********   *** removed from Debug\stm8s_adc1.o ***
_ADC1_ScanModeCmd                ********   *** removed from Debug\stm8s_adc1.o ***
_ADC1_SchmittTriggerConfig       ********   *** removed from Debug\stm8s_adc1.o ***
_ADC1_SetHighThreshold           ********   *** removed from Debug\stm8s_adc1.o ***
_ADC1_SetLowThreshold            ********   *** removed from Debug\stm8s_adc1.o ***
_ADC1_StartConversion            ********   *** removed from Debug\stm8s_adc1.o ***
_APR_Array                       ********   *** removed from Debug\stm8s_awu.o ***
_AWU_Cmd                         ********   *** removed from Debug\stm8s_awu.o ***
_AWU_DeInit                      ********   *** removed from Debug\stm8s_awu.o ***
_AWU_GetFlagStatus               ********   *** removed from Debug\stm8s_awu.o ***
_AWU_IdleModeEnable              ********   *** removed from Debug\stm8s_awu.o ***
_AWU_Init                        ********   *** removed from Debug\stm8s_awu.o ***
_AWU_LSICalibrationConfig        ********   *** removed from Debug\stm8s_awu.o ***
_BEEP_Cmd                        ********   *** removed from Debug\stm8s_beep.o ***
_BEEP_DeInit                     ********   *** removed from Debug\stm8s_beep.o ***
_BEEP_Init                       ********   *** removed from Debug\stm8s_beep.o ***
_BEEP_LSICalibrationConfig       ********   *** removed from Debug\stm8s_beep.o ***
_CLKPrescTable                   ********   *** removed from Debug\stm8s_clk.o ***
_CLK_AdjustHSICalibrationValue   ********   *** removed from Debug\stm8s_clk.o ***
_CLK_CCOCmd                      ********   *** removed from Debug\stm8s_clk.o ***
_CLK_CCOConfig                   ********   *** removed from Debug\stm8s_clk.o ***
_CLK_ClearITPendingBit           ********   *** removed from Debug\stm8s_clk.o ***
_CLK_ClockSecuritySystemEnable   ********   *** removed from Debug\stm8s_clk.o ***
_CLK_ClockSwitchCmd              ********   *** removed from Debug\stm8s_clk.o ***
_CLK_ClockSwitchConfig           ********   *** removed from Debug\stm8s_clk.o ***
_CLK_DeInit                      ********   *** removed from Debug\stm8s_clk.o ***
_CLK_FastHaltWakeUpCmd           ********   *** removed from Debug\stm8s_clk.o ***
_CLK_GetClockFreq                ********   *** removed from Debug\stm8s_clk.o ***
_CLK_GetFlagStatus               ********   *** removed from Debug\stm8s_clk.o ***
_CLK_GetITStatus                 ********   *** removed from Debug\stm8s_clk.o ***
_CLK_GetSYSCLKSource             ********   *** removed from Debug\stm8s_clk.o ***
_CLK_HSECmd                      ********   *** removed from Debug\stm8s_clk.o ***
_CLK_HSICmd                      ********   *** removed from Debug\stm8s_clk.o ***
_CLK_HSIPrescalerConfig          ********   *** removed from Debug\stm8s_clk.o ***
_CLK_ITConfig                    ********   *** removed from Debug\stm8s_clk.o ***
_CLK_LSICmd                      ********   *** removed from Debug\stm8s_clk.o ***
_CLK_PeripheralClockConfig       ********   *** removed from Debug\stm8s_clk.o ***
_CLK_SWIMConfig                  ********   *** removed from Debug\stm8s_clk.o ***
_CLK_SYSCLKConfig                ********   *** removed from Debug\stm8s_clk.o ***
_CLK_SYSCLKEmergencyClear        ********   *** removed from Debug\stm8s_clk.o ***
_CLK_SlowActiveHaltWakeUpCmd     ********   *** removed from Debug\stm8s_clk.o ***
_EXTI_DeInit                     ********   *** removed from Debug\stm8s_exti.o ***
_EXTI_GetExtIntSensitivity       ********   *** removed from Debug\stm8s_exti.o ***
_EXTI_GetTLISensitivity          ********   *** removed from Debug\stm8s_exti.o ***
_EXTI_SetExtIntSensitivity       ********   *** removed from Debug\stm8s_exti.o ***
_EXTI_SetTLISensitivity          ********   *** removed from Debug\stm8s_exti.o ***
_EstaticSensitive                000082b7   defined in Debug\main.o section .const
_FLASH_DeInit                    ********   *** removed from Debug\stm8s_flash.o ***
_FLASH_EraseBlock                ********   *** removed from Debug\stm8s_flash.o ***
_FLASH_EraseByte                 ********   *** removed from Debug\stm8s_flash.o ***
_FLASH_EraseOptionByte           ********   *** removed from Debug\stm8s_flash.o ***
_FLASH_GetBootSize               ********   *** removed from Debug\stm8s_flash.o ***
_FLASH_GetFlagStatus             ********   *** removed from Debug\stm8s_flash.o ***
_FLASH_GetLowPowerMode           ********   *** removed from Debug\stm8s_flash.o ***
_FLASH_GetProgrammingTime        ********   *** removed from Debug\stm8s_flash.o ***
_FLASH_ITConfig                  ********   *** removed from Debug\stm8s_flash.o ***
_FLASH_Lock                      ********   *** removed from Debug\stm8s_flash.o ***
_FLASH_ProgramBlock              ********   *** removed from Debug\stm8s_flash.o ***
_FLASH_ProgramByte               ********   *** removed from Debug\stm8s_flash.o ***
_FLASH_ProgramOptionByte         ********   *** removed from Debug\stm8s_flash.o ***
_FLASH_ProgramWord               ********   *** removed from Debug\stm8s_flash.o ***
_FLASH_ReadByte                  ********   *** removed from Debug\stm8s_flash.o ***
_FLASH_ReadOptionByte            ********   *** removed from Debug\stm8s_flash.o ***
_FLASH_SetLowPowerMode           ********   *** removed from Debug\stm8s_flash.o ***
_FLASH_SetProgrammingTime        ********   *** removed from Debug\stm8s_flash.o ***
_FLASH_Unlock                    ********   *** removed from Debug\stm8s_flash.o ***
_FLASH_WaitForLastOperation      ********   *** removed from Debug\stm8s_flash.o ***
_GPIO_DeInit                     00009347   defined in Debug\stm8s_gpio.o section .text
_GPIO_ExternalPullUpConfig       000093e1   defined in Debug\stm8s_gpio.o section .text
_GPIO_Init                       0000934f   defined in Debug\stm8s_gpio.o section .text
                                            used in Debug\lcd5110.o
_GPIO_ReadInputData              000093d7   defined in Debug\stm8s_gpio.o section .text
_GPIO_ReadInputPin               000093da   defined in Debug\stm8s_gpio.o section .text
_GPIO_ReadOutputData             000093d5   defined in Debug\stm8s_gpio.o section .text
_GPIO_Write                      000093b7   defined in Debug\stm8s_gpio.o section .text
_GPIO_WriteHigh                  000093bf   defined in Debug\stm8s_gpio.o section .text
                                            used in Debug\lcd5110.o
_GPIO_WriteLow                   000093c6   defined in Debug\stm8s_gpio.o section .text
                                            used in Debug\lcd5110.o
_GPIO_WriteReverse               000093ce   defined in Debug\stm8s_gpio.o section .text
_HSIDivFactor                    ********   *** removed from Debug\stm8s_clk.o ***
_I2C_AcknowledgeConfig           ********   *** removed from Debug\stm8s_i2c.o ***
_I2C_CheckEvent                  ********   *** removed from Debug\stm8s_i2c.o ***
_I2C_ClearFlag                   ********   *** removed from Debug\stm8s_i2c.o ***
_I2C_ClearITPendingBit           ********   *** removed from Debug\stm8s_i2c.o ***
_I2C_Cmd                         ********   *** removed from Debug\stm8s_i2c.o ***
_I2C_DeInit                      ********   *** removed from Debug\stm8s_i2c.o ***
_I2C_FastModeDutyCycleConfig     ********   *** removed from Debug\stm8s_i2c.o ***
_I2C_GeneralCallCmd              ********   *** removed from Debug\stm8s_i2c.o ***
_I2C_GenerateSTART               ********   *** removed from Debug\stm8s_i2c.o ***
_I2C_GenerateSTOP                ********   *** removed from Debug\stm8s_i2c.o ***
_I2C_GetFlagStatus               ********   *** removed from Debug\stm8s_i2c.o ***
_I2C_GetITStatus                 ********   *** removed from Debug\stm8s_i2c.o ***
_I2C_GetLastEvent                ********   *** removed from Debug\stm8s_i2c.o ***
_I2C_ITConfig                    ********   *** removed from Debug\stm8s_i2c.o ***
_I2C_Init                        ********   *** removed from Debug\stm8s_i2c.o ***
_I2C_ReceiveData                 ********   *** removed from Debug\stm8s_i2c.o ***
_I2C_Send7bitAddress             ********   *** removed from Debug\stm8s_i2c.o ***
_I2C_SendData                    ********   *** removed from Debug\stm8s_i2c.o ***
_I2C_SoftwareResetCmd            ********   *** removed from Debug\stm8s_i2c.o ***
_I2C_StretchClockCmd             ********   *** removed from Debug\stm8s_i2c.o ***
_ITC_DeInit                      ********   *** removed from Debug\stm8s_itc.o ***
_ITC_GetCPUCC                    ********   *** removed from Debug\stm8s_itc.o ***
_ITC_GetSoftIntStatus            ********   *** removed from Debug\stm8s_itc.o ***
_ITC_GetSoftwarePriority         ********   *** removed from Debug\stm8s_itc.o ***
_ITC_SetSoftwarePriority         ********   *** removed from Debug\stm8s_itc.o ***
_IWDG_Enable                     ********   *** removed from Debug\stm8s_iwdg.o ***
_IWDG_ReloadCounter              ********   *** removed from Debug\stm8s_iwdg.o ***
_IWDG_SetPrescaler               ********   *** removed from Debug\stm8s_iwdg.o ***
_IWDG_SetReload                  ********   *** removed from Debug\stm8s_iwdg.o ***
_IWDG_WriteAccessCmd             ********   *** removed from Debug\stm8s_iwdg.o ***
_LcdClear                        00008703   defined in Debug\lcd_draw.o section .text
                                            used in Debug\main.o
_LcdDrawBitmap                   00008cf4   defined in Debug\lcd_draw.o section .text
                                            used in Debug\main.o
_LcdDrawCircle                   0000898f   defined in Debug\lcd_draw.o section .text
_LcdDrawCircleHelper             00008e28   defined in Debug\lcd_draw.o section .text
_LcdDrawHLine                    000088c6   defined in Debug\lcd_draw.o section .text
_LcdDrawLine                     000087de   defined in Debug\lcd_draw.o section .text
_LcdDrawPixel                    00008731   defined in Debug\lcd_draw.o section .text
_LcdDrawRect                     00008abf   defined in Debug\lcd_draw.o section .text
_LcdDrawRoundRect                00008b30   defined in Debug\lcd_draw.o section .text
_LcdDrawTriangle                 00009030   defined in Debug\lcd_draw.o section .text
_LcdDrawVLine                    00008965   defined in Debug\lcd_draw.o section .text
_LcdFillCircle                   00008f14   defined in Debug\lcd_draw.o section .text
_LcdFillCircleHelper             00008f3e   defined in Debug\lcd_draw.o section .text
_LcdFillRect                     00008dde   defined in Debug\lcd_draw.o section .text
_LcdFillRoundRect                00008c44   defined in Debug\lcd_draw.o section .text
                                            used in Debug\main.o
_LcdFillTriangle                 0000906e   defined in Debug\lcd_draw.o section .text
_LcdPutChar                      000085d5   defined in Debug\lcd_draw.o section .text
_LcdPutInteger                   0000864b   defined in Debug\lcd_draw.o section .text
_LcdPutOneNumber                 00008622   defined in Debug\lcd_draw.o section .text
_LcdPutString                    000085fb   defined in Debug\lcd_draw.o section .text
                                            used in Debug\main.o
_LcdUpdate                       000087d7   defined in Debug\lcd_draw.o section .text
                                            used in Debug\main.o
_RST_ClearFlag                   ********   *** removed from Debug\stm8s_rst.o ***
_RST_GetFlagStatus               ********   *** removed from Debug\stm8s_rst.o ***
_SPI_BiDirectionalLineConfig     ********   *** removed from Debug\stm8s_spi.o ***
_SPI_CalculateCRCCmd             ********   *** removed from Debug\stm8s_spi.o ***
_SPI_ClearFlag                   ********   *** removed from Debug\stm8s_spi.o ***
_SPI_ClearITPendingBit           ********   *** removed from Debug\stm8s_spi.o ***
_SPI_Cmd                         ********   *** removed from Debug\stm8s_spi.o ***
_SPI_DeInit                      ********   *** removed from Debug\stm8s_spi.o ***
_SPI_GetCRC                      ********   *** removed from Debug\stm8s_spi.o ***
_SPI_GetCRCPolynomial            ********   *** removed from Debug\stm8s_spi.o ***
_SPI_GetFlagStatus               ********   *** removed from Debug\stm8s_spi.o ***
_SPI_GetITStatus                 ********   *** removed from Debug\stm8s_spi.o ***
_SPI_ITConfig                    ********   *** removed from Debug\stm8s_spi.o ***
_SPI_Init                        ********   *** removed from Debug\stm8s_spi.o ***
_SPI_NSSInternalSoftwareCmd      ********   *** removed from Debug\stm8s_spi.o ***
_SPI_ReceiveData                 ********   *** removed from Debug\stm8s_spi.o ***
_SPI_ResetCRC                    ********   *** removed from Debug\stm8s_spi.o ***
_SPI_SendData                    ********   *** removed from Debug\stm8s_spi.o ***
_SPI_TransmitCRC                 ********   *** removed from Debug\stm8s_spi.o ***
_TBR_Array                       ********   *** removed from Debug\stm8s_awu.o ***
_TIM1_ARRPreloadConfig           ********   *** removed from Debug\stm8s_tim1.o ***
_TIM1_BDTRConfig                 ********   *** removed from Debug\stm8s_tim1.o ***
_TIM1_CCPreloadControl           ********   *** removed from Debug\stm8s_tim1.o ***
_TIM1_CCxCmd                     ********   *** removed from Debug\stm8s_tim1.o ***
_TIM1_CCxNCmd                    ********   *** removed from Debug\stm8s_tim1.o ***
_TIM1_ClearFlag                  ********   *** removed from Debug\stm8s_tim1.o ***
_TIM1_ClearITPendingBit          ********   *** removed from Debug\stm8s_tim1.o ***
_TIM1_Cmd                        ********   *** removed from Debug\stm8s_tim1.o ***
_TIM1_CounterModeConfig          ********   *** removed from Debug\stm8s_tim1.o ***
_TIM1_CtrlPWMOutputs             ********   *** removed from Debug\stm8s_tim1.o ***
_TIM1_DeInit                     ********   *** removed from Debug\stm8s_tim1.o ***
_TIM1_ETRClockMode1Config        ********   *** removed from Debug\stm8s_tim1.o ***
_TIM1_ETRClockMode2Config        ********   *** removed from Debug\stm8s_tim1.o ***
_TIM1_ETRConfig                  ********   *** removed from Debug\stm8s_tim1.o ***
_TIM1_EncoderInterfaceConfig     ********   *** removed from Debug\stm8s_tim1.o ***
_TIM1_ForcedOC1Config            ********   *** removed from Debug\stm8s_tim1.o ***
_TIM1_ForcedOC2Config            ********   *** removed from Debug\stm8s_tim1.o ***
_TIM1_ForcedOC3Config            ********   *** removed from Debug\stm8s_tim1.o ***
_TIM1_ForcedOC4Config            ********   *** removed from Debug\stm8s_tim1.o ***
_TIM1_GenerateEvent              ********   *** removed from Debug\stm8s_tim1.o ***
_TIM1_GetCapture1                ********   *** removed from Debug\stm8s_tim1.o ***
_TIM1_GetCapture2                ********   *** removed from Debug\stm8s_tim1.o ***
_TIM1_GetCapture3                ********   *** removed from Debug\stm8s_tim1.o ***
_TIM1_GetCapture4                ********   *** removed from Debug\stm8s_tim1.o ***
_TIM1_GetCounter                 ********   *** removed from Debug\stm8s_tim1.o ***
_TIM1_GetFlagStatus              ********   *** removed from Debug\stm8s_tim1.o ***
_TIM1_GetITStatus                ********   *** removed from Debug\stm8s_tim1.o ***
_TIM1_GetPrescaler               ********   *** removed from Debug\stm8s_tim1.o ***
_TIM1_ICInit                     ********   *** removed from Debug\stm8s_tim1.o ***
_TIM1_ITConfig                   ********   *** removed from Debug\stm8s_tim1.o ***
_TIM1_InternalClockConfig        ********   *** removed from Debug\stm8s_tim1.o ***
_TIM1_OC1FastConfig              ********   *** removed from Debug\stm8s_tim1.o ***
_TIM1_OC1Init                    ********   *** removed from Debug\stm8s_tim1.o ***
_TIM1_OC1NPolarityConfig         ********   *** removed from Debug\stm8s_tim1.o ***
_TIM1_OC1PolarityConfig          ********   *** removed from Debug\stm8s_tim1.o ***
_TIM1_OC1PreloadConfig           ********   *** removed from Debug\stm8s_tim1.o ***
_TIM1_OC2FastConfig              ********   *** removed from Debug\stm8s_tim1.o ***
_TIM1_OC2Init                    ********   *** removed from Debug\stm8s_tim1.o ***
_TIM1_OC2NPolarityConfig         ********   *** removed from Debug\stm8s_tim1.o ***
_TIM1_OC2PolarityConfig          ********   *** removed from Debug\stm8s_tim1.o ***
_TIM1_OC2PreloadConfig           ********   *** removed from Debug\stm8s_tim1.o ***
_TIM1_OC3FastConfig              ********   *** removed from Debug\stm8s_tim1.o ***
_TIM1_OC3Init                    ********   *** removed from Debug\stm8s_tim1.o ***
_TIM1_OC3NPolarityConfig         ********   *** removed from Debug\stm8s_tim1.o ***
_TIM1_OC3PolarityConfig          ********   *** removed from Debug\stm8s_tim1.o ***
_TIM1_OC3PreloadConfig           ********   *** removed from Debug\stm8s_tim1.o ***
_TIM1_OC4FastConfig              ********   *** removed from Debug\stm8s_tim1.o ***
_TIM1_OC4Init                    ********   *** removed from Debug\stm8s_tim1.o ***
_TIM1_OC4PolarityConfig          ********   *** removed from Debug\stm8s_tim1.o ***
_TIM1_OC4PreloadConfig           ********   *** removed from Debug\stm8s_tim1.o ***
_TIM1_PWMIConfig                 ********   *** removed from Debug\stm8s_tim1.o ***
_TIM1_PrescalerConfig            ********   *** removed from Debug\stm8s_tim1.o ***
_TIM1_SelectCOM                  ********   *** removed from Debug\stm8s_tim1.o ***
_TIM1_SelectHallSensor           ********   *** removed from Debug\stm8s_tim1.o ***
_TIM1_SelectInputTrigger         ********   *** removed from Debug\stm8s_tim1.o ***
_TIM1_SelectMasterSlaveMode      ********   *** removed from Debug\stm8s_tim1.o ***
_TIM1_SelectOCxM                 ********   *** removed from Debug\stm8s_tim1.o ***
_TIM1_SelectOnePulseMode         ********   *** removed from Debug\stm8s_tim1.o ***
_TIM1_SelectOutputTrigger        ********   *** removed from Debug\stm8s_tim1.o ***
_TIM1_SelectSlaveMode            ********   *** removed from Debug\stm8s_tim1.o ***
_TIM1_SetAutoreload              ********   *** removed from Debug\stm8s_tim1.o ***
_TIM1_SetCompare1                ********   *** removed from Debug\stm8s_tim1.o ***
_TIM1_SetCompare2                ********   *** removed from Debug\stm8s_tim1.o ***
_TIM1_SetCompare3                ********   *** removed from Debug\stm8s_tim1.o ***
_TIM1_SetCompare4                ********   *** removed from Debug\stm8s_tim1.o ***
_TIM1_SetCounter                 ********   *** removed from Debug\stm8s_tim1.o ***
_TIM1_SetIC1Prescaler            ********   *** removed from Debug\stm8s_tim1.o ***
_TIM1_SetIC2Prescaler            ********   *** removed from Debug\stm8s_tim1.o ***
_TIM1_SetIC3Prescaler            ********   *** removed from Debug\stm8s_tim1.o ***
_TIM1_SetIC4Prescaler            ********   *** removed from Debug\stm8s_tim1.o ***
_TIM1_TIxExternalClockConfig     ********   *** removed from Debug\stm8s_tim1.o ***
_TIM1_TimeBaseInit               ********   *** removed from Debug\stm8s_tim1.o ***
_TIM1_UpdateDisableConfig        ********   *** removed from Debug\stm8s_tim1.o ***
_TIM1_UpdateRequestConfig        ********   *** removed from Debug\stm8s_tim1.o ***
_TIM2_ARRPreloadConfig           ********   *** removed from Debug\stm8s_tim2.o ***
_TIM2_CCxCmd                     ********   *** removed from Debug\stm8s_tim2.o ***
_TIM2_ClearFlag                  ********   *** removed from Debug\stm8s_tim2.o ***
_TIM2_ClearITPendingBit          ********   *** removed from Debug\stm8s_tim2.o ***
_TIM2_Cmd                        ********   *** removed from Debug\stm8s_tim2.o ***
_TIM2_DeInit                     ********   *** removed from Debug\stm8s_tim2.o ***
_TIM2_ForcedOC1Config            ********   *** removed from Debug\stm8s_tim2.o ***
_TIM2_ForcedOC2Config            ********   *** removed from Debug\stm8s_tim2.o ***
_TIM2_ForcedOC3Config            ********   *** removed from Debug\stm8s_tim2.o ***
_TIM2_GenerateEvent              ********   *** removed from Debug\stm8s_tim2.o ***
_TIM2_GetCapture1                ********   *** removed from Debug\stm8s_tim2.o ***
_TIM2_GetCapture2                ********   *** removed from Debug\stm8s_tim2.o ***
_TIM2_GetCapture3                ********   *** removed from Debug\stm8s_tim2.o ***
_TIM2_GetCounter                 ********   *** removed from Debug\stm8s_tim2.o ***
_TIM2_GetFlagStatus              ********   *** removed from Debug\stm8s_tim2.o ***
_TIM2_GetITStatus                ********   *** removed from Debug\stm8s_tim2.o ***
_TIM2_GetPrescaler               ********   *** removed from Debug\stm8s_tim2.o ***
_TIM2_ICInit                     ********   *** removed from Debug\stm8s_tim2.o ***
_TIM2_ITConfig                   ********   *** removed from Debug\stm8s_tim2.o ***
_TIM2_OC1Init                    ********   *** removed from Debug\stm8s_tim2.o ***
_TIM2_OC1PolarityConfig          ********   *** removed from Debug\stm8s_tim2.o ***
_TIM2_OC1PreloadConfig           ********   *** removed from Debug\stm8s_tim2.o ***
_TIM2_OC2Init                    ********   *** removed from Debug\stm8s_tim2.o ***
_TIM2_OC2PolarityConfig          ********   *** removed from Debug\stm8s_tim2.o ***
_TIM2_OC2PreloadConfig           ********   *** removed from Debug\stm8s_tim2.o ***
_TIM2_OC3Init                    ********   *** removed from Debug\stm8s_tim2.o ***
_TIM2_OC3PolarityConfig          ********   *** removed from Debug\stm8s_tim2.o ***
_TIM2_OC3PreloadConfig           ********   *** removed from Debug\stm8s_tim2.o ***
_TIM2_PWMIConfig                 ********   *** removed from Debug\stm8s_tim2.o ***
_TIM2_PrescalerConfig            ********   *** removed from Debug\stm8s_tim2.o ***
_TIM2_SelectOCxM                 ********   *** removed from Debug\stm8s_tim2.o ***
_TIM2_SelectOnePulseMode         ********   *** removed from Debug\stm8s_tim2.o ***
_TIM2_SetAutoreload              ********   *** removed from Debug\stm8s_tim2.o ***
_TIM2_SetCompare1                ********   *** removed from Debug\stm8s_tim2.o ***
_TIM2_SetCompare2                ********   *** removed from Debug\stm8s_tim2.o ***
_TIM2_SetCompare3                ********   *** removed from Debug\stm8s_tim2.o ***
_TIM2_SetCounter                 ********   *** removed from Debug\stm8s_tim2.o ***
_TIM2_SetIC1Prescaler            ********   *** removed from Debug\stm8s_tim2.o ***
_TIM2_SetIC2Prescaler            ********   *** removed from Debug\stm8s_tim2.o ***
_TIM2_SetIC3Prescaler            ********   *** removed from Debug\stm8s_tim2.o ***
_TIM2_TimeBaseInit               ********   *** removed from Debug\stm8s_tim2.o ***
_TIM2_UpdateDisableConfig        ********   *** removed from Debug\stm8s_tim2.o ***
_TIM2_UpdateRequestConfig        ********   *** removed from Debug\stm8s_tim2.o ***
_TIM4_ARRPreloadConfig           ********   *** removed from Debug\stm8s_tim4.o ***
_TIM4_ClearFlag                  ********   *** removed from Debug\stm8s_tim4.o ***
_TIM4_ClearITPendingBit          ********   *** removed from Debug\stm8s_tim4.o ***
_TIM4_Cmd                        ********   *** removed from Debug\stm8s_tim4.o ***
_TIM4_DeInit                     ********   *** removed from Debug\stm8s_tim4.o ***
_TIM4_GenerateEvent              ********   *** removed from Debug\stm8s_tim4.o ***
_TIM4_GetCounter                 ********   *** removed from Debug\stm8s_tim4.o ***
_TIM4_GetFlagStatus              ********   *** removed from Debug\stm8s_tim4.o ***
_TIM4_GetITStatus                ********   *** removed from Debug\stm8s_tim4.o ***
_TIM4_GetPrescaler               ********   *** removed from Debug\stm8s_tim4.o ***
_TIM4_ITConfig                   ********   *** removed from Debug\stm8s_tim4.o ***
_TIM4_PrescalerConfig            ********   *** removed from Debug\stm8s_tim4.o ***
_TIM4_SelectOnePulseMode         ********   *** removed from Debug\stm8s_tim4.o ***
_TIM4_SetAutoreload              ********   *** removed from Debug\stm8s_tim4.o ***
_TIM4_SetCounter                 ********   *** removed from Debug\stm8s_tim4.o ***
_TIM4_TimeBaseInit               ********   *** removed from Debug\stm8s_tim4.o ***
_TIM4_UpdateDisableConfig        ********   *** removed from Debug\stm8s_tim4.o ***
_TIM4_UpdateRequestConfig        ********   *** removed from Debug\stm8s_tim4.o ***
_UART1_ClearFlag                 ********   *** removed from Debug\stm8s_uart1.o ***
_UART1_ClearITPendingBit         ********   *** removed from Debug\stm8s_uart1.o ***
_UART1_Cmd                       ********   *** removed from Debug\stm8s_uart1.o ***
_UART1_DeInit                    ********   *** removed from Debug\stm8s_uart1.o ***
_UART1_GetFlagStatus             ********   *** removed from Debug\stm8s_uart1.o ***
_UART1_GetITStatus               ********   *** removed from Debug\stm8s_uart1.o ***
_UART1_HalfDuplexCmd             ********   *** removed from Debug\stm8s_uart1.o ***
_UART1_ITConfig                  ********   *** removed from Debug\stm8s_uart1.o ***
_UART1_Init                      ********   *** removed from Debug\stm8s_uart1.o ***
_UART1_IrDACmd                   ********   *** removed from Debug\stm8s_uart1.o ***
_UART1_IrDAConfig                ********   *** removed from Debug\stm8s_uart1.o ***
_UART1_LINBreakDetectionConfig   ********   *** removed from Debug\stm8s_uart1.o ***
_UART1_LINCmd                    ********   *** removed from Debug\stm8s_uart1.o ***
_UART1_ReceiveData8              ********   *** removed from Debug\stm8s_uart1.o ***
_UART1_ReceiveData9              ********   *** removed from Debug\stm8s_uart1.o ***
_UART1_ReceiverWakeUpCmd         ********   *** removed from Debug\stm8s_uart1.o ***
_UART1_SendBreak                 ********   *** removed from Debug\stm8s_uart1.o ***
_UART1_SendData8                 ********   *** removed from Debug\stm8s_uart1.o ***
_UART1_SendData9                 ********   *** removed from Debug\stm8s_uart1.o ***
_UART1_SetAddress                ********   *** removed from Debug\stm8s_uart1.o ***
_UART1_SetGuardTime              ********   *** removed from Debug\stm8s_uart1.o ***
_UART1_SetPrescaler              ********   *** removed from Debug\stm8s_uart1.o ***
_UART1_SmartCardCmd              ********   *** removed from Debug\stm8s_uart1.o ***
_UART1_SmartCardNACKCmd          ********   *** removed from Debug\stm8s_uart1.o ***
_UART1_WakeUpConfig              ********   *** removed from Debug\stm8s_uart1.o ***
_WWDG_GetCounter                 ********   *** removed from Debug\stm8s_wwdg.o ***
_WWDG_Init                       ********   *** removed from Debug\stm8s_wwdg.o ***
_WWDG_SWReset                    ********   *** removed from Debug\stm8s_wwdg.o ***
_WWDG_SetCounter                 ********   *** removed from Debug\stm8s_wwdg.o ***
_WWDG_SetWindowValue             ********   *** removed from Debug\stm8s_wwdg.o ***
__endmem                         000001ff   defined in command file
                                            *** not used ***
__endzp                          0000000a   defined in command file section .ubsct
                                            used in C:\Program Files (x86)\COSMIC\FSE_Compilers\CXSTM8\Lib\crtsi0.sm8
__idesc__                        00008383   defined in linker section .init
                                            used in C:\Program Files (x86)\COSMIC\FSE_Compilers\CXSTM8\Lib\crtsi0.sm8
__memory                         000002fa   defined in command file section .bss
                                            used in C:\Program Files (x86)\COSMIC\FSE_Compilers\CXSTM8\Lib\crtsi0.sm8
__stack                          000003ff   defined in command file
                                            used in C:\Program Files (x86)\COSMIC\FSE_Compilers\CXSTM8\Lib\crtsi0.sm8
__startmem                       000002fa   defined in command file section .bss
                                            *** not used ***
__stext                          00008585   defined in C:\Program Files (x86)\COSMIC\FSE_Compilers\CXSTM8\Lib\crtsi0.sm8 section .text
                                            used in Debug\stm8_interrupt_vector.o
__vectab                         00008000   defined in Debug\stm8_interrupt_vector.o section .const
_backled0                        0000945d   defined in Debug\lcd5110.o section .text
_backled1                        00009467   defined in Debug\lcd5110.o section .text
_clkInit                         0000955f   defined in Debug\main.o section .text
_dc0                             00009421   defined in Debug\lcd5110.o section .text
_dc1                             0000942b   defined in Debug\lcd5110.o section .text
_exit                            000085d3   defined in C:\Program Files (x86)\COSMIC\FSE_Compilers\CXSTM8\Lib\crtsi0.sm8 section .text
_font6x8                         00008080   defined in Debug\lcd_draw.o section .const
_lcd5110Init                     00009471   defined in Debug\lcd5110.o section .text
                                            used in Debug\main.o
_lcd5110SetXy                    0000954c   defined in Debug\lcd5110.o section .text
_lcd5110Update                   00009513   defined in Debug\lcd5110.o section .text
                                            used in Debug\lcd_draw.o
_lcd5110WriteByte                000094d9   defined in Debug\lcd5110.o section .text
_main                            00009564   defined in Debug\main.o section .text
                                            used in C:\Program Files (x86)\COSMIC\FSE_Compilers\CXSTM8\Lib\crtsi0.sm8
_res0                            0000940d   defined in Debug\lcd5110.o section .text
_res1                            00009417   defined in Debug\lcd5110.o section .text
_sce0                            000093f9   defined in Debug\lcd5110.o section .text
_sce1                            00009403   defined in Debug\lcd5110.o section .text
_sclk0                           00009449   defined in Debug\lcd5110.o section .text
_sclk1                           00009453   defined in Debug\lcd5110.o section .text
_sdin0                           00009435   defined in Debug\lcd5110.o section .text
_sdin1                           0000943f   defined in Debug\lcd5110.o section .text
c_bmulx                          000095d5   defined in (C:\Program Files (x86)\COSMIC\FSE_Compilers\CXSTM8\Lib\libm0.sm8)bmulx.o section .text
                                            used in Debug\lcd_draw.o
c_cmulx                          ********   *** removed from (C:\Program Files (x86)\COSMIC\FSE_Compilers\CXSTM8\Lib\libm0.sm8)cmulx.o ***
c_divsl                          00009634   defined in (C:\Program Files (x86)\COSMIC\FSE_Compilers\CXSTM8\Lib\libm0.sm8)ldiv.o section .text
                                            used in (C:\Program Files (x86)\COSMIC\FSE_Compilers\CXSTM8\Lib\libm0.sm8)lsdiv.o
c_divul                          0000964b   defined in (C:\Program Files (x86)\COSMIC\FSE_Compilers\CXSTM8\Lib\libm0.sm8)ldiv.o section .text
                                            used in (C:\Program Files (x86)\COSMIC\FSE_Compilers\CXSTM8\Lib\libm0.sm8)ludiv.o
c_imul                           000095e3   defined in (C:\Program Files (x86)\COSMIC\FSE_Compilers\CXSTM8\Lib\libm0.sm8)imul.o section .text
                                            used in Debug\lcd_draw.o
                                                    Debug\stm8s_awu.o
                                                    Debug\stm8s_beep.o
c_ladc                           00009604   defined in (C:\Program Files (x86)\COSMIC\FSE_Compilers\CXSTM8\Lib\libm0.sm8)ladc.o section .text
                                            used in Debug\lcd_draw.o
c_ladd                           ********   *** removed from (C:\Program Files (x86)\COSMIC\FSE_Compilers\CXSTM8\Lib\libm0.sm8)ladd.o ***
c_lcmp                           ********   *** removed from (C:\Program Files (x86)\COSMIC\FSE_Compilers\CXSTM8\Lib\libm0.sm8)lcmp.o ***
c_ldiv                           00009615   defined in (C:\Program Files (x86)\COSMIC\FSE_Compilers\CXSTM8\Lib\libm0.sm8)lsdiv.o section .text
                                            used in Debug\lcd_draw.o
c_lgadd                          0000971f   defined in (C:\Program Files (x86)\COSMIC\FSE_Compilers\CXSTM8\Lib\libm0.sm8)lgadd.o section .text
                                            used in Debug\lcd_draw.o
                                                    Debug\stm8s_flash.o
c_lgneg                          00009736   defined in (C:\Program Files (x86)\COSMIC\FSE_Compilers\CXSTM8\Lib\libm0.sm8)lgneg.o section .text
                                            used in (C:\Program Files (x86)\COSMIC\FSE_Compilers\CXSTM8\Lib\libm0.sm8)ldiv.o
c_llsh                           ********   *** removed from (C:\Program Files (x86)\COSMIC\FSE_Compilers\CXSTM8\Lib\libm0.sm8)llsh.o ***
c_lmul                           ********   *** removed from (C:\Program Files (x86)\COSMIC\FSE_Compilers\CXSTM8\Lib\libm0.sm8)lmul.o ***
c_lmulc                          ********   *** removed from (C:\Program Files (x86)\COSMIC\FSE_Compilers\CXSTM8\Lib\libm0.sm8)lmul.o ***
c_lneg                           00009749   defined in (C:\Program Files (x86)\COSMIC\FSE_Compilers\CXSTM8\Lib\libm0.sm8)lneg.o section .text
                                            used in (C:\Program Files (x86)\COSMIC\FSE_Compilers\CXSTM8\Lib\libm0.sm8)lsdiv.o
                                                    (C:\Program Files (x86)\COSMIC\FSE_Compilers\CXSTM8\Lib\libm0.sm8)ldiv.o
c_lreg                           00000000   defined in (C:\Program Files (x86)\COSMIC\FSE_Compilers\CXSTM8\Lib\libm0.sm8)lreg.o section .ubsct
                                            used in Debug\lcd_draw.o
                                                    Debug\stm8s_awu.o
                                                    Debug\stm8s_beep.o
                                                    Debug\stm8s_clk.o
                                                    Debug\stm8s_flash.o
                                                    Debug\stm8s_i2c.o
                                                    Debug\stm8s_uart1.o
                                                    (C:\Program Files (x86)\COSMIC\FSE_Compilers\CXSTM8\Lib\libm0.sm8)cmulx.o
                                                    (C:\Program Files (x86)\COSMIC\FSE_Compilers\CXSTM8\Lib\libm0.sm8)ladc.o
                                                    (C:\Program Files (x86)\COSMIC\FSE_Compilers\CXSTM8\Lib\libm0.sm8)ladd.o
                                                    (C:\Program Files (x86)\COSMIC\FSE_Compilers\CXSTM8\Lib\libm0.sm8)lcmp.o
                                                    (C:\Program Files (x86)\COSMIC\FSE_Compilers\CXSTM8\Lib\libm0.sm8)ldiv.o
                                                    (C:\Program Files (x86)\COSMIC\FSE_Compilers\CXSTM8\Lib\libm0.sm8)lgadd.o
                                                    (C:\Program Files (x86)\COSMIC\FSE_Compilers\CXSTM8\Lib\libm0.sm8)llsh.o
                                                    (C:\Program Files (x86)\COSMIC\FSE_Compilers\CXSTM8\Lib\libm0.sm8)lmul.o
                                                    (C:\Program Files (x86)\COSMIC\FSE_Compilers\CXSTM8\Lib\libm0.sm8)lneg.o
                                                    (C:\Program Files (x86)\COSMIC\FSE_Compilers\CXSTM8\Lib\libm0.sm8)lsub.o
                                                    (C:\Program Files (x86)\COSMIC\FSE_Compilers\CXSTM8\Lib\libm0.sm8)ltor.o
                                                    (C:\Program Files (x86)\COSMIC\FSE_Compilers\CXSTM8\Lib\libm0.sm8)lursh.o
                                                    (C:\Program Files (x86)\COSMIC\FSE_Compilers\CXSTM8\Lib\libm0.sm8)rtol.o
                                                    (C:\Program Files (x86)\COSMIC\FSE_Compilers\CXSTM8\Lib\libm0.sm8)smul.o
                                                    (C:\Program Files (x86)\COSMIC\FSE_Compilers\CXSTM8\Lib\libm0.sm8)umul.o
                                                    (C:\Program Files (x86)\COSMIC\FSE_Compilers\CXSTM8\Lib\libm0.sm8)vmul.o
c_lsub                           ********   *** removed from (C:\Program Files (x86)\COSMIC\FSE_Compilers\CXSTM8\Lib\libm0.sm8)lsub.o ***
c_ltor                           0000975e   defined in (C:\Program Files (x86)\COSMIC\FSE_Compilers\CXSTM8\Lib\libm0.sm8)ltor.o section .text
                                            used in Debug\lcd_draw.o
                                                    Debug\stm8s_awu.o
                                                    Debug\stm8s_beep.o
                                                    Debug\stm8s_clk.o
                                                    Debug\stm8s_flash.o
                                                    Debug\stm8s_i2c.o
                                                    Debug\stm8s_uart1.o
c_ludv                           00009770   defined in (C:\Program Files (x86)\COSMIC\FSE_Compilers\CXSTM8\Lib\libm0.sm8)ludiv.o section .text
                                            used in Debug\lcd_draw.o
                                                    Debug\stm8s_awu.o
                                                    Debug\stm8s_beep.o
                                                    Debug\stm8s_clk.o
                                                    Debug\stm8s_i2c.o
                                                    Debug\stm8s_uart1.o
c_lursh                          ********   *** removed from (C:\Program Files (x86)\COSMIC\FSE_Compilers\CXSTM8\Lib\libm0.sm8)lursh.o ***
c_lzmp                           00009784   defined in (C:\Program Files (x86)\COSMIC\FSE_Compilers\CXSTM8\Lib\libm0.sm8)lzmp.o section .text
                                            used in Debug\lcd_draw.o
c_rtol                           00009797   defined in (C:\Program Files (x86)\COSMIC\FSE_Compilers\CXSTM8\Lib\libm0.sm8)rtol.o section .text
                                            used in Debug\lcd_draw.o
                                                    Debug\stm8s_clk.o
                                                    Debug\stm8s_flash.o
                                                    Debug\stm8s_i2c.o
                                                    Debug\stm8s_uart1.o
c_sdivx                          000097af   defined in (C:\Program Files (x86)\COSMIC\FSE_Compilers\CXSTM8\Lib\libm0.sm8)sdivx.o section .text
                                            used in Debug\lcd_draw.o
                                                    Debug\stm8s_i2c.o
c_smodx                          000097a9   defined in (C:\Program Files (x86)\COSMIC\FSE_Compilers\CXSTM8\Lib\libm0.sm8)sdivx.o section .text
                                            *** not used ***
c_smul                           ********   *** removed from (C:\Program Files (x86)\COSMIC\FSE_Compilers\CXSTM8\Lib\libm0.sm8)smul.o ***
c_umul                           000097d4   defined in (C:\Program Files (x86)\COSMIC\FSE_Compilers\CXSTM8\Lib\libm0.sm8)umul.o section .text
                                            used in Debug\stm8s_flash.o
                                                    (C:\Program Files (x86)\COSMIC\FSE_Compilers\CXSTM8\Lib\libm0.sm8)vmul.o
c_vmul                           00009810   defined in (C:\Program Files (x86)\COSMIC\FSE_Compilers\CXSTM8\Lib\libm0.sm8)vmul.o section .text
                                            used in Debug\lcd_draw.o
c_x                              00000004   defined in (C:\Program Files (x86)\COSMIC\FSE_Compilers\CXSTM8\Lib\libm0.sm8)xreg.o section .ubsct
                                            used in C:\Program Files (x86)\COSMIC\FSE_Compilers\CXSTM8\Lib\crtsi0.sm8
                                                    Debug\stm8s_awu.o
                                                    Debug\stm8s_beep.o
                                                    (C:\Program Files (x86)\COSMIC\FSE_Compilers\CXSTM8\Lib\libm0.sm8)bmulx.o
                                                    (C:\Program Files (x86)\COSMIC\FSE_Compilers\CXSTM8\Lib\libm0.sm8)imul.o
                                                    (C:\Program Files (x86)\COSMIC\FSE_Compilers\CXSTM8\Lib\libm0.sm8)lsdiv.o
                                                    (C:\Program Files (x86)\COSMIC\FSE_Compilers\CXSTM8\Lib\libm0.sm8)ldiv.o
                                                    (C:\Program Files (x86)\COSMIC\FSE_Compilers\CXSTM8\Lib\libm0.sm8)lmul.o
                                                    (C:\Program Files (x86)\COSMIC\FSE_Compilers\CXSTM8\Lib\libm0.sm8)sdivx.o
                                                    (C:\Program Files (x86)\COSMIC\FSE_Compilers\CXSTM8\Lib\libm0.sm8)umul.o
                                                    (C:\Program Files (x86)\COSMIC\FSE_Compilers\CXSTM8\Lib\libm0.sm8)vmul.o
                                                    (C:\Program Files (x86)\COSMIC\FSE_Compilers\CXSTM8\Lib\libm0.sm8)xymvx.o
c_xymvx                          00009828   defined in (C:\Program Files (x86)\COSMIC\FSE_Compilers\CXSTM8\Lib\libm0.sm8)xymvx.o section .text
                                            used in Debug\lcd_draw.o
c_y                              00000007   defined in (C:\Program Files (x86)\COSMIC\FSE_Compilers\CXSTM8\Lib\libm0.sm8)yreg.o section .ubsct
                                            used in C:\Program Files (x86)\COSMIC\FSE_Compilers\CXSTM8\Lib\crtsi0.sm8
                                                    Debug\lcd_draw.o
                                                    (C:\Program Files (x86)\COSMIC\FSE_Compilers\CXSTM8\Lib\libm0.sm8)umul.o
                                                    (C:\Program Files (x86)\COSMIC\FSE_Compilers\CXSTM8\Lib\libm0.sm8)vmul.o
f_NonHandledInterrupt            00009837   defined in Debug\stm8_interrupt_vector.o section .text
